Release 14.7 - xst P.20131013 (nt64)
Copyright (c) 1995-2013 Xilinx, Inc.  All rights reserved.
--> Parameter TMPDIR set to xst/projnav.tmp


Total REAL time to Xst completion: 0.00 secs
Total CPU time to Xst completion: 0.13 secs
 
--> Parameter xsthdpdir set to xst


Total REAL time to Xst completion: 0.00 secs
Total CPU time to Xst completion: 0.13 secs
 
--> Reading design: main.prj

TABLE OF CONTENTS
  1) Synthesis Options Summary
  2) HDL Compilation
  3) Design Hierarchy Analysis
  4) HDL Analysis
  5) HDL Synthesis
     5.1) HDL Synthesis Report
  6) Advanced HDL Synthesis
     6.1) Advanced HDL Synthesis Report
  7) Low Level Synthesis
  8) Partition Report
  9) Final Report
	9.1) Device utilization summary
	9.2) Partition Resource Summary
	9.3) TIMING REPORT


=========================================================================
*                      Synthesis Options Summary                        *
=========================================================================
---- Source Parameters
Input File Name                    : "main.prj"
Input Format                       : mixed
Ignore Synthesis Constraint File   : NO

---- Target Parameters
Output File Name                   : "main"
Output Format                      : NGC
Target Device                      : xc3s50a-4-tq144

---- Source Options
Top Module Name                    : main
Automatic FSM Extraction           : YES
FSM Encoding Algorithm             : Auto
Safe Implementation                : No
FSM Style                          : LUT
RAM Extraction                     : Yes
RAM Style                          : Auto
ROM Extraction                     : Yes
Mux Style                          : Auto
Decoder Extraction                 : YES
Priority Encoder Extraction        : Yes
Shift Register Extraction          : YES
Logical Shifter Extraction         : YES
XOR Collapsing                     : YES
ROM Style                          : Auto
Mux Extraction                     : Yes
Resource Sharing                   : YES
Asynchronous To Synchronous        : NO
Multiplier Style                   : Auto
Automatic Register Balancing       : No

---- Target Options
Add IO Buffers                     : YES
Global Maximum Fanout              : 100000
Add Generic Clock Buffer(BUFG)     : 24
Register Duplication               : YES
Slice Packing                      : YES
Optimize Instantiated Primitives   : NO
Use Clock Enable                   : Yes
Use Synchronous Set                : Yes
Use Synchronous Reset              : Yes
Pack IO Registers into IOBs        : Auto
Equivalent register Removal        : YES

---- General Options
Optimization Goal                  : Speed
Optimization Effort                : 1
Keep Hierarchy                     : No
Netlist Hierarchy                  : As_Optimized
RTL Output                         : Yes
Global Optimization                : AllClockNets
Read Cores                         : YES
Write Timing Constraints           : NO
Cross Clock Analysis               : NO
Hierarchy Separator                : /
Bus Delimiter                      : <>
Case Specifier                     : Maintain
Slice Utilization Ratio            : 100
BRAM Utilization Ratio             : 100
Verilog 2001                       : YES
Auto BRAM Packing                  : NO
Slice Utilization Ratio Delta      : 5

=========================================================================


=========================================================================
*                          HDL Compilation                              *
=========================================================================
Compiling verilog file "stage2.v" in library work
Compiling verilog file "MOUSE_FSM_CMD.v" in library work
Module <stage2> compiled
Compiling verilog file "MouseReceiver.v" in library work
Module <MOUSE_FSM_CMD> compiled
Compiling verilog file "clkgen.v" in library work
Module <MouseReceiver> compiled
Compiling verilog file "main.v" in library work
Module <clkgen> compiled
Module <main> compiled
No errors in compilation
Analysis of file <"main.prj"> succeeded.
 

=========================================================================
*                     Design Hierarchy Analysis                         *
=========================================================================
Analyzing hierarchy for module <main> in library <work>.

Analyzing hierarchy for module <clkgen> in library <work>.

Analyzing hierarchy for module <MOUSE_FSM_CMD> in library <work>.

Analyzing hierarchy for module <stage2> in library <work> with parameters.
	ACK_CLK_LOW = "1110"
	ACK_DATA_LOW = "1101"
	DATA0 = "0011"
	DATA1 = "0100"
	DATA2 = "0101"
	DATA3 = "0110"
	DATA4 = "0111"
	DATA5 = "1000"
	DATA6 = "1001"
	DATA7 = "1010"
	HOLD_CLK = "0001"
	IDLE = "0000"
	PARITY = "1011"
	START_BIT = "0010"
	STOP = "1100"
	TX_END = "1111"

Analyzing hierarchy for module <MouseReceiver> in library <work>.


=========================================================================
*                            HDL Analysis                               *
=========================================================================
Analyzing top module <main>.
Module <main> is correct for synthesis.
 
Analyzing module <clkgen> in library <work>.
Module <clkgen> is correct for synthesis.
 
    Set user-defined property "CAPACITANCE =  DONT_CARE" for instance <CLKIN_IBUFG_INST> in unit <clkgen>.
    Set user-defined property "IBUF_DELAY_VALUE =  0" for instance <CLKIN_IBUFG_INST> in unit <clkgen>.
    Set user-defined property "IBUF_LOW_PWR =  TRUE" for instance <CLKIN_IBUFG_INST> in unit <clkgen>.
    Set user-defined property "IOSTANDARD =  DEFAULT" for instance <CLKIN_IBUFG_INST> in unit <clkgen>.
    Set user-defined property "CLKDV_DIVIDE =  2.000000" for instance <DCM_SP_INST> in unit <clkgen>.
    Set user-defined property "CLKFX_DIVIDE =  1" for instance <DCM_SP_INST> in unit <clkgen>.
    Set user-defined property "CLKFX_MULTIPLY =  4" for instance <DCM_SP_INST> in unit <clkgen>.
    Set user-defined property "CLKIN_DIVIDE_BY_2 =  FALSE" for instance <DCM_SP_INST> in unit <clkgen>.
    Set user-defined property "CLKIN_PERIOD =  40.000000" for instance <DCM_SP_INST> in unit <clkgen>.
    Set user-defined property "CLKOUT_PHASE_SHIFT =  NONE" for instance <DCM_SP_INST> in unit <clkgen>.
    Set user-defined property "CLK_FEEDBACK =  1X" for instance <DCM_SP_INST> in unit <clkgen>.
    Set user-defined property "DESKEW_ADJUST =  SYSTEM_SYNCHRONOUS" for instance <DCM_SP_INST> in unit <clkgen>.
    Set user-defined property "DFS_FREQUENCY_MODE =  LOW" for instance <DCM_SP_INST> in unit <clkgen>.
    Set user-defined property "DLL_FREQUENCY_MODE =  LOW" for instance <DCM_SP_INST> in unit <clkgen>.
    Set user-defined property "DSS_MODE =  NONE" for instance <DCM_SP_INST> in unit <clkgen>.
    Set user-defined property "DUTY_CYCLE_CORRECTION =  TRUE" for instance <DCM_SP_INST> in unit <clkgen>.
    Set user-defined property "FACTORY_JF =  C080" for instance <DCM_SP_INST> in unit <clkgen>.
    Set user-defined property "PHASE_SHIFT =  0" for instance <DCM_SP_INST> in unit <clkgen>.
    Set user-defined property "STARTUP_WAIT =  FALSE" for instance <DCM_SP_INST> in unit <clkgen>.
Analyzing module <MOUSE_FSM_CMD> in library <work>.
Module <MOUSE_FSM_CMD> is correct for synthesis.
 
Analyzing module <stage2> in library <work>.
	ACK_CLK_LOW = 4'b1110
	ACK_DATA_LOW = 4'b1101
	DATA0 = 4'b0011
	DATA1 = 4'b0100
	DATA2 = 4'b0101
	DATA3 = 4'b0110
	DATA4 = 4'b0111
	DATA5 = 4'b1000
	DATA6 = 4'b1001
	DATA7 = 4'b1010
	HOLD_CLK = 4'b0001
	IDLE = 4'b0000
	PARITY = 4'b1011
	START_BIT = 4'b0010
	STOP = 4'b1100
	TX_END = 4'b1111
Module <stage2> is correct for synthesis.
 
Analyzing module <MouseReceiver> in library <work>.
Module <MouseReceiver> is correct for synthesis.
 

=========================================================================
*                           HDL Synthesis                               *
=========================================================================

Performing bidirectional port resolution...
INFO:Xst:2679 - Register <next_rx_en> in unit <MOUSE_FSM_CMD> has a constant value of 1 during circuit operation. The register is replaced by logic.
INFO:Xst:2679 - Register <next_clear_rx_trig> in unit <MOUSE_FSM_CMD> has a constant value of 0 during circuit operation. The register is replaced by logic.

Synthesizing Unit <MOUSE_FSM_CMD>.
    Related source file is "MOUSE_FSM_CMD.v".
WARNING:Xst:647 - Input <clear_rx_trig> is never used. This port will be preserved and left unconnected if it belongs to a top-level block or it belongs to a sub-block and the hierarchy of this sub-block is preserved.
WARNING:Xst:646 - Signal <rx_buffer> is assigned but never used. This unconnected signal will be trimmed during the optimization process.
WARNING:Xst:646 - Signal <curr_clear_rx_trig> is assigned but never used. This unconnected signal will be trimmed during the optimization process.
    Found finite state machine <FSM_0> for signal <curr_state>.
    -----------------------------------------------------------------------
    | States             | 4                                              |
    | Transitions        | 7                                              |
    | Inputs             | 3                                              |
    | Outputs            | 3                                              |
    | Clock              | clk                       (rising_edge)        |
    | Reset              | reset                     (positive)           |
    | Reset type         | synchronous                                    |
    | Reset State        | 0000                                           |
    | Encoding           | automatic                                      |
    | Implementation     | LUT                                            |
    -----------------------------------------------------------------------
    Found 1-bit register for signal <curr_clear_trig>.
    Found 1-bit register for signal <curr_rx_en>.
    Found 1-bit register for signal <curr_trig_send>.
    Summary:
	inferred   1 Finite State Machine(s).
	inferred   3 D-type flip-flop(s).
Unit <MOUSE_FSM_CMD> synthesized.


Synthesizing Unit <stage2>.
    Related source file is "stage2.v".
    Found finite state machine <FSM_1> for signal <curr_state>.
    -----------------------------------------------------------------------
    | States             | 16                                             |
    | Transitions        | 33                                             |
    | Inputs             | 6                                              |
    | Outputs            | 17                                             |
    | Clock              | clk                       (rising_edge)        |
    | Reset              | locked                    (negative)           |
    | Reset type         | synchronous                                    |
    | Reset State        | 0000                                           |
    | Encoding           | automatic                                      |
    | Implementation     | LUT                                            |
    -----------------------------------------------------------------------
    Found 1-bit tristate buffer for signal <ps2data>.
    Found 1-bit tristate buffer for signal <ps2clk>.
    Found 1-bit register for signal <curr_data_sent>.
    Found 8-bit register for signal <curr_data_to_send>.
    Found 1-bit register for signal <curr_dout>.
    Found 1-bit register for signal <curr_hold_ps2clk_en>.
    Found 1-bit register for signal <curr_ps2clk_en>.
    Found 1-bit register for signal <curr_ps2data_en>.
    Found 12-bit up counter for signal <hold_count>.
    Found 1-bit xor8 for signal <next_dout$xor0000>.
    Found 1-bit register for signal <ps2clk_in>.
    Found 1-bit register for signal <ps2data_in>.
    Summary:
	inferred   1 Finite State Machine(s).
	inferred   1 Counter(s).
	inferred  15 D-type flip-flop(s).
	inferred   1 Xor(s).
	inferred   2 Tristate(s).
Unit <stage2> synthesized.


Synthesizing Unit <MouseReceiver>.
    Related source file is "MouseReceiver.v".
INFO:Xst:2117 - HDL ADVISOR - Mux Selector <Curr_State> of Case statement line 87 was re-encoded using one-hot encoding. The case statement will be optimized (default statement optimization), but this optimization may lead to design initialization problems. To ensure the design works safely, you can:
   	- add an 'INIT' attribute on signal <Curr_State> (optimization is then done without any risk)
   	- use the attribute 'signal_encoding user' to avoid onehot optimization
   	- use the attribute 'safe_implementation yes' to force XST to perform a safe (but less efficient) optimization
    Using one-hot encoding for signal <Curr_State>.
INFO:Xst:2117 - HDL ADVISOR - Mux Selector <Curr_State> of Case statement line 87 was re-encoded using one-hot encoding. The case statement will be optimized (default statement optimization), but this optimization may lead to design initialization problems. To ensure the design works safely, you can:
   	- add an 'INIT' attribute on signal <Curr_State> (optimization is then done without any risk)
   	- use the attribute 'signal_encoding user' to avoid onehot optimization
   	- use the attribute 'safe_implementation yes' to force XST to perform a safe (but less efficient) optimization
INFO:Xst:2117 - HDL ADVISOR - Mux Selector <Curr_State> of Case statement line 87 was re-encoded using one-hot encoding. The case statement will be optimized (default statement optimization), but this optimization may lead to design initialization problems. To ensure the design works safely, you can:
   	- add an 'INIT' attribute on signal <Curr_State> (optimization is then done without any risk)
   	- use the attribute 'signal_encoding user' to avoid onehot optimization
   	- use the attribute 'safe_implementation yes' to force XST to perform a safe (but less efficient) optimization
INFO:Xst:2117 - HDL ADVISOR - Mux Selector <Curr_State> of Case statement line 87 was re-encoded using one-hot encoding. The case statement will be optimized (default statement optimization), but this optimization may lead to design initialization problems. To ensure the design works safely, you can:
   	- add an 'INIT' attribute on signal <Curr_State> (optimization is then done without any risk)
   	- use the attribute 'signal_encoding user' to avoid onehot optimization
   	- use the attribute 'safe_implementation yes' to force XST to perform a safe (but less efficient) optimization
INFO:Xst:2117 - HDL ADVISOR - Mux Selector <Curr_State> of Case statement line 87 was re-encoded using one-hot encoding. The case statement will be optimized (default statement optimization), but this optimization may lead to design initialization problems. To ensure the design works safely, you can:
   	- add an 'INIT' attribute on signal <Curr_State> (optimization is then done without any risk)
   	- use the attribute 'signal_encoding user' to avoid onehot optimization
   	- use the attribute 'safe_implementation yes' to force XST to perform a safe (but less efficient) optimization
INFO:Xst:2117 - HDL ADVISOR - Mux Selector <Curr_State> of Case statement line 87 was re-encoded using one-hot encoding. The case statement will be optimized (default statement optimization), but this optimization may lead to design initialization problems. To ensure the design works safely, you can:
   	- add an 'INIT' attribute on signal <Curr_State> (optimization is then done without any risk)
   	- use the attribute 'signal_encoding user' to avoid onehot optimization
   	- use the attribute 'safe_implementation yes' to force XST to perform a safe (but less efficient) optimization
INFO:Xst:2117 - HDL ADVISOR - Mux Selector <Curr_State> of Case statement line 87 was re-encoded using one-hot encoding. The case statement will be optimized (default statement optimization), but this optimization may lead to design initialization problems. To ensure the design works safely, you can:
   	- add an 'INIT' attribute on signal <Curr_State> (optimization is then done without any risk)
   	- use the attribute 'signal_encoding user' to avoid onehot optimization
   	- use the attribute 'safe_implementation yes' to force XST to perform a safe (but less efficient) optimization
INFO:Xst:2117 - HDL ADVISOR - Mux Selector <Curr_State> of Case statement line 87 was re-encoded using one-hot encoding. The case statement will be optimized (default statement optimization), but this optimization may lead to design initialization problems. To ensure the design works safely, you can:
   	- add an 'INIT' attribute on signal <Curr_State> (optimization is then done without any risk)
   	- use the attribute 'signal_encoding user' to avoid onehot optimization
   	- use the attribute 'safe_implementation yes' to force XST to perform a safe (but less efficient) optimization
INFO:Xst:2117 - HDL ADVISOR - Mux Selector <Curr_State> of Case statement line 87 was re-encoded using one-hot encoding. The case statement will be optimized (default statement optimization), but this optimization may lead to design initialization problems. To ensure the design works safely, you can:
   	- add an 'INIT' attribute on signal <Curr_State> (optimization is then done without any risk)
   	- use the attribute 'signal_encoding user' to avoid onehot optimization
   	- use the attribute 'safe_implementation yes' to force XST to perform a safe (but less efficient) optimization
INFO:Xst:2117 - HDL ADVISOR - Mux Selector <Curr_State> of Case statement line 87 was re-encoded using one-hot encoding. The case statement will be optimized (default statement optimization), but this optimization may lead to design initialization problems. To ensure the design works safely, you can:
   	- add an 'INIT' attribute on signal <Curr_State> (optimization is then done without any risk)
   	- use the attribute 'signal_encoding user' to avoid onehot optimization
   	- use the attribute 'safe_implementation yes' to force XST to perform a safe (but less efficient) optimization
INFO:Xst:2117 - HDL ADVISOR - Mux Selector <Curr_State> of Case statement line 87 was re-encoded using one-hot encoding. The case statement will be optimized (default statement optimization), but this optimization may lead to design initialization problems. To ensure the design works safely, you can:
   	- add an 'INIT' attribute on signal <Curr_State> (optimization is then done without any risk)
   	- use the attribute 'signal_encoding user' to avoid onehot optimization
   	- use the attribute 'safe_implementation yes' to force XST to perform a safe (but less efficient) optimization
INFO:Xst:2117 - HDL ADVISOR - Mux Selector <Curr_State> of Case statement line 87 was re-encoded using one-hot encoding. The case statement will be optimized (default statement optimization), but this optimization may lead to design initialization problems. To ensure the design works safely, you can:
   	- add an 'INIT' attribute on signal <Curr_State> (optimization is then done without any risk)
   	- use the attribute 'signal_encoding user' to avoid onehot optimization
   	- use the attribute 'safe_implementation yes' to force XST to perform a safe (but less efficient) optimization
INFO:Xst:2117 - HDL ADVISOR - Mux Selector <Curr_State> of Case statement line 87 was re-encoded using one-hot encoding. The case statement will be optimized (default statement optimization), but this optimization may lead to design initialization problems. To ensure the design works safely, you can:
   	- add an 'INIT' attribute on signal <Curr_State> (optimization is then done without any risk)
   	- use the attribute 'signal_encoding user' to avoid onehot optimization
   	- use the attribute 'safe_implementation yes' to force XST to perform a safe (but less efficient) optimization
INFO:Xst:2117 - HDL ADVISOR - Mux Selector <Curr_State> of Case statement line 87 was re-encoded using one-hot encoding. The case statement will be optimized (default statement optimization), but this optimization may lead to design initialization problems. To ensure the design works safely, you can:
   	- add an 'INIT' attribute on signal <Curr_State> (optimization is then done without any risk)
   	- use the attribute 'signal_encoding user' to avoid onehot optimization
   	- use the attribute 'safe_implementation yes' to force XST to perform a safe (but less efficient) optimization
    Found 1-bit register for signal <ClkMouseInDly>.
    Found 4-bit register for signal <Curr_BitCounter>.
    Found 4-bit adder for signal <Curr_BitCounter$addsub0000> created at line 114.
    Found 1-bit register for signal <Curr_ByteReceived>.
    Found 8-bit register for signal <Curr_MSCodeShiftReg>.
    Found 2-bit register for signal <Curr_MSCodeStatus>.
    Found 5-bit register for signal <Curr_State>.
    Found 16-bit register for signal <Curr_TimeoutCounter>.
    Found 1-bit xor8 for signal <Next_MSCodeStatus_0$xor0000>.
    Found 1-bit xor2 for signal <Next_MSCodeStatus_0$xor0001> created at line 127.
    Found 16-bit adder for signal <old_Next_TimeoutCounter_6$add0000> created at line 84.
    Summary:
	inferred  37 D-type flip-flop(s).
	inferred   2 Adder/Subtractor(s).
	inferred   1 Xor(s).
Unit <MouseReceiver> synthesized.


Synthesizing Unit <clkgen>.
    Related source file is "clkgen.v".
Unit <clkgen> synthesized.


Synthesizing Unit <main>.
    Related source file is "main.v".
WARNING:Xst:653 - Signal <clear_rx_trig> is used but never assigned. This sourceless signal will be automatically connected to value 0.
WARNING:Xst:646 - Signal <DATA_MOUSE_IN> is assigned but never used. This unconnected signal will be trimmed during the optimization process.
    Found 1-bit register for signal <data_sent_trig>.
    Found 8-bit register for signal <rx_buf>.
    Found 1-bit register for signal <rx_complete_in>.
    Summary:
	inferred  10 D-type flip-flop(s).
Unit <main> synthesized.


=========================================================================
HDL Synthesis Report

Macro Statistics
# Adders/Subtractors                                   : 2
 16-bit adder                                          : 1
 4-bit adder                                           : 1
# Counters                                             : 1
 12-bit up counter                                     : 1
# Registers                                            : 20
 1-bit register                                        : 14
 16-bit register                                       : 1
 2-bit register                                        : 1
 4-bit register                                        : 1
 5-bit register                                        : 1
 8-bit register                                        : 2
# Tristates                                            : 2
 1-bit tristate buffer                                 : 2
# Xors                                                 : 3
 1-bit xor2                                            : 1
 1-bit xor8                                            : 2

=========================================================================

=========================================================================
*                       Advanced HDL Synthesis                          *
=========================================================================

Analyzing FSM <FSM_1> for best encoding.
Optimizing FSM <S2/curr_state/FSM> on signal <curr_state[1:16]> with one-hot encoding.
---------------------------
 State | Encoding
---------------------------
 0000  | 0000000000000001
 0001  | 0000000000000010
 0010  | 0000000000000100
 0011  | 0000000000001000
 0100  | 0000000000010000
 0101  | 0000000000100000
 0110  | 0000000001000000
 0111  | 0000000010000000
 1000  | 0000000100000000
 1001  | 0000001000000000
 1010  | 0000010000000000
 1011  | 0000100000000000
 1100  | 0001000000000000
 1101  | 0010000000000000
 1110  | 0100000000000000
 1111  | 1000000000000000
---------------------------
Analyzing FSM <FSM_0> for best encoding.
Optimizing FSM <CMD_FSM/curr_state/FSM> on signal <curr_state[1:2]> with gray encoding.
-------------------
 State | Encoding
-------------------
 0000  | 00
 0001  | 01
 0010  | 11
 0011  | 10
-------------------
INFO:Xst:2261 - The FF/Latch <curr_hold_ps2clk_en> in Unit <S2> is equivalent to the following FF/Latch, which will be removed : <curr_ps2clk_en> 
WARNING:Xst:1710 - FF/Latch <curr_data_to_send_1> (without init value) has a constant value of 0 in block <S2>. This FF/Latch will be trimmed during the optimization process.
WARNING:Xst:1710 - FF/Latch <curr_data_to_send_2> (without init value) has a constant value of 0 in block <S2>. This FF/Latch will be trimmed during the optimization process.
WARNING:Xst:1710 - FF/Latch <curr_data_to_send_3> (without init value) has a constant value of 0 in block <S2>. This FF/Latch will be trimmed during the optimization process.
WARNING:Xst:1710 - FF/Latch <curr_data_to_send_4> (without init value) has a constant value of 0 in block <S2>. This FF/Latch will be trimmed during the optimization process.
WARNING:Xst:1710 - FF/Latch <curr_data_to_send_5> (without init value) has a constant value of 0 in block <S2>. This FF/Latch will be trimmed during the optimization process.
WARNING:Xst:1710 - FF/Latch <curr_data_to_send_6> (without init value) has a constant value of 0 in block <S2>. This FF/Latch will be trimmed during the optimization process.
WARNING:Xst:1710 - FF/Latch <curr_data_to_send_7> (without init value) has a constant value of 0 in block <S2>. This FF/Latch will be trimmed during the optimization process.
WARNING:Xst:1710 - FF/Latch <rx_complete_in> (without init value) has a constant value of 1 in block <main>. This FF/Latch will be trimmed during the optimization process.
WARNING:Xst:1898 - Due to constant pushing, FF/Latch <Curr_ByteReceived> is unconnected in block <TEST>.

=========================================================================
Advanced HDL Synthesis Report

Macro Statistics
# FSMs                                                 : 2
# Adders/Subtractors                                   : 2
 16-bit adder                                          : 1
 4-bit adder                                           : 1
# Counters                                             : 1
 12-bit up counter                                     : 1
# Registers                                            : 57
 Flip-Flops                                            : 57
# Xors                                                 : 3
 1-bit xor2                                            : 1
 1-bit xor8                                            : 2

=========================================================================

=========================================================================
*                         Low Level Synthesis                           *
=========================================================================
WARNING:Xst:1710 - FF/Latch <rx_complete_in> (without init value) has a constant value of 1 in block <main>. This FF/Latch will be trimmed during the optimization process.
INFO:Xst:2261 - The FF/Latch <curr_ps2clk_en> in Unit <stage2> is equivalent to the following FF/Latch, which will be removed : <curr_hold_ps2clk_en> 
WARNING:Xst:1710 - FF/Latch <curr_data_to_send_1> (without init value) has a constant value of 0 in block <stage2>. This FF/Latch will be trimmed during the optimization process.
WARNING:Xst:1895 - Due to other FF/Latch trimming, FF/Latch <curr_data_to_send_2> (without init value) has a constant value of 0 in block <stage2>. This FF/Latch will be trimmed during the optimization process.
WARNING:Xst:1895 - Due to other FF/Latch trimming, FF/Latch <curr_data_to_send_3> (without init value) has a constant value of 0 in block <stage2>. This FF/Latch will be trimmed during the optimization process.
WARNING:Xst:1895 - Due to other FF/Latch trimming, FF/Latch <curr_data_to_send_4> (without init value) has a constant value of 0 in block <stage2>. This FF/Latch will be trimmed during the optimization process.
WARNING:Xst:1895 - Due to other FF/Latch trimming, FF/Latch <curr_data_to_send_5> (without init value) has a constant value of 0 in block <stage2>. This FF/Latch will be trimmed during the optimization process.
WARNING:Xst:1895 - Due to other FF/Latch trimming, FF/Latch <curr_data_to_send_6> (without init value) has a constant value of 0 in block <stage2>. This FF/Latch will be trimmed during the optimization process.
WARNING:Xst:1895 - Due to other FF/Latch trimming, FF/Latch <curr_data_to_send_7> (without init value) has a constant value of 0 in block <stage2>. This FF/Latch will be trimmed during the optimization process.

Optimizing unit <main> ...

Optimizing unit <MouseReceiver> ...
WARNING:Xst:2677 - Node <CMD_FSM/curr_rx_en> of sequential type is unconnected in block <main>.
WARNING:Xst:2677 - Node <TEST/Curr_ByteReceived> of sequential type is unconnected in block <main>.
WARNING:Xst:2677 - Node <TEST/Curr_TimeoutCounter_15> of sequential type is unconnected in block <main>.
WARNING:Xst:2677 - Node <TEST/Curr_TimeoutCounter_14> of sequential type is unconnected in block <main>.
WARNING:Xst:2677 - Node <TEST/Curr_TimeoutCounter_13> of sequential type is unconnected in block <main>.
WARNING:Xst:2677 - Node <TEST/Curr_TimeoutCounter_12> of sequential type is unconnected in block <main>.
WARNING:Xst:2677 - Node <TEST/Curr_TimeoutCounter_11> of sequential type is unconnected in block <main>.
WARNING:Xst:2677 - Node <TEST/Curr_TimeoutCounter_10> of sequential type is unconnected in block <main>.
WARNING:Xst:2677 - Node <TEST/Curr_TimeoutCounter_9> of sequential type is unconnected in block <main>.
WARNING:Xst:2677 - Node <TEST/Curr_TimeoutCounter_8> of sequential type is unconnected in block <main>.
WARNING:Xst:2677 - Node <TEST/Curr_TimeoutCounter_7> of sequential type is unconnected in block <main>.
WARNING:Xst:2677 - Node <TEST/Curr_TimeoutCounter_6> of sequential type is unconnected in block <main>.
WARNING:Xst:2677 - Node <TEST/Curr_TimeoutCounter_5> of sequential type is unconnected in block <main>.
WARNING:Xst:2677 - Node <TEST/Curr_TimeoutCounter_4> of sequential type is unconnected in block <main>.
WARNING:Xst:2677 - Node <TEST/Curr_TimeoutCounter_3> of sequential type is unconnected in block <main>.
WARNING:Xst:2677 - Node <TEST/Curr_TimeoutCounter_2> of sequential type is unconnected in block <main>.
WARNING:Xst:2677 - Node <TEST/Curr_TimeoutCounter_1> of sequential type is unconnected in block <main>.
WARNING:Xst:2677 - Node <TEST/Curr_TimeoutCounter_0> of sequential type is unconnected in block <main>.
WARNING:Xst:2677 - Node <TEST/Curr_BitCounter_3> of sequential type is unconnected in block <main>.
WARNING:Xst:2677 - Node <TEST/Curr_BitCounter_2> of sequential type is unconnected in block <main>.
WARNING:Xst:2677 - Node <TEST/Curr_BitCounter_1> of sequential type is unconnected in block <main>.
WARNING:Xst:2677 - Node <TEST/Curr_BitCounter_0> of sequential type is unconnected in block <main>.
WARNING:Xst:2677 - Node <TEST/Curr_MSCodeStatus_1> of sequential type is unconnected in block <main>.
WARNING:Xst:2677 - Node <TEST/Curr_MSCodeStatus_0> of sequential type is unconnected in block <main>.
WARNING:Xst:2677 - Node <TEST/Curr_State_4> of sequential type is unconnected in block <main>.
WARNING:Xst:2677 - Node <TEST/Curr_State_3> of sequential type is unconnected in block <main>.
WARNING:Xst:2677 - Node <TEST/Curr_State_2> of sequential type is unconnected in block <main>.
WARNING:Xst:2677 - Node <TEST/Curr_State_1> of sequential type is unconnected in block <main>.
WARNING:Xst:2677 - Node <TEST/Curr_State_0> of sequential type is unconnected in block <main>.
WARNING:Xst:2677 - Node <TEST/ClkMouseInDly> of sequential type is unconnected in block <main>.
WARNING:Xst:2677 - Node <TEST/Curr_MSCodeShiftReg_7> of sequential type is unconnected in block <main>.
WARNING:Xst:2677 - Node <TEST/Curr_MSCodeShiftReg_6> of sequential type is unconnected in block <main>.
WARNING:Xst:2677 - Node <TEST/Curr_MSCodeShiftReg_5> of sequential type is unconnected in block <main>.
WARNING:Xst:2677 - Node <TEST/Curr_MSCodeShiftReg_4> of sequential type is unconnected in block <main>.
WARNING:Xst:2677 - Node <TEST/Curr_MSCodeShiftReg_3> of sequential type is unconnected in block <main>.
WARNING:Xst:2677 - Node <TEST/Curr_MSCodeShiftReg_2> of sequential type is unconnected in block <main>.
WARNING:Xst:2677 - Node <TEST/Curr_MSCodeShiftReg_1> of sequential type is unconnected in block <main>.
WARNING:Xst:2677 - Node <TEST/Curr_MSCodeShiftReg_0> of sequential type is unconnected in block <main>.

Mapping all equations...
Building and optimizing final netlist ...
Found area constraint ratio of 100 (+ 5) on block main, actual ratio is 4.

Final Macro Processing ...

=========================================================================
Final Register Report

Macro Statistics
# Registers                                            : 40
 Flip-Flops                                            : 40

=========================================================================

=========================================================================
*                           Partition Report                            *
=========================================================================

Partition Implementation Status
-------------------------------

  No Partitions were found in this design.

-------------------------------

=========================================================================
*                            Final Report                               *
=========================================================================
Final Results
RTL Top Level Output File Name     : main.ngr
Top Level Output File Name         : main
Output Format                      : NGC
Optimization Goal                  : Speed
Keep Hierarchy                     : No

Design Statistics
# IOs                              : 12

Cell Usage :
# BELS                             : 78
#      GND                         : 1
#      INV                         : 4
#      LUT1                        : 11
#      LUT2                        : 4
#      LUT2_D                      : 1
#      LUT2_L                      : 1
#      LUT3                        : 6
#      LUT3_D                      : 1
#      LUT3_L                      : 1
#      LUT4                        : 22
#      LUT4_D                      : 1
#      MUXCY                       : 11
#      MUXF5                       : 1
#      VCC                         : 1
#      XORCY                       : 12
# FlipFlops/Latches                : 40
#      FDR                         : 25
#      FDRE                        : 12
#      FDRS                        : 1
#      FDS                         : 1
#      FDSE                        : 1
# Clock Buffers                    : 1
#      BUFG                        : 1
# IO Buffers                       : 12
#      IBUF                        : 1
#      IBUFG                       : 1
#      IOBUF                       : 2
#      OBUF                        : 8
# DCMs                             : 1
#      DCM_SP                      : 1
=========================================================================

Device utilization summary:
---------------------------

Selected Device : 3s50atq144-4 

 Number of Slices:                       26  out of    704     3%  
 Number of Slice Flip Flops:             40  out of   1408     2%  
 Number of 4 input LUTs:                 52  out of   1408     3%  
 Number of IOs:                          12
 Number of bonded IOBs:                  12  out of    108    11%  
 Number of GCLKs:                         1  out of     24     4%  
 Number of DCMs:                          1  out of      2    50%  

---------------------------
Partition Resource Summary:
---------------------------

  No Partitions were found in this design.

---------------------------


=========================================================================
TIMING REPORT

NOTE: THESE TIMING NUMBERS ARE ONLY A SYNTHESIS ESTIMATE.
      FOR ACCURATE TIMING INFORMATION PLEASE REFER TO THE TRACE REPORT
      GENERATED AFTER PLACE-and-ROUTE.

Clock Information:
------------------
-----------------------------------+-------------------------+-------+
Clock Signal                       | Clock buffer(FF name)   | Load  |
-----------------------------------+-------------------------+-------+
clk                                | SYS_CLK/DCM_SP_INST:CLK0| 40    |
-----------------------------------+-------------------------+-------+

Asynchronous Control Signals Information:
----------------------------------------
No asynchronous control signals found in this design

Timing Summary:
---------------
Speed Grade: -4

   Minimum period: 4.408ns (Maximum Frequency: 226.860MHz)
   Minimum input arrival time before clock: 3.924ns
   Maximum output required time after clock: 6.991ns
   Maximum combinational path delay: No path found

Timing Detail:
--------------
All values displayed in nanoseconds (ns)

=========================================================================
Timing constraint: Default period analysis for Clock 'clk'
  Clock period: 4.408ns (frequency: 226.860MHz)
  Total number of paths / destination ports: 353 / 64
-------------------------------------------------------------------------
Delay:               4.408ns (Levels of Logic = 3)
  Source:            S2/curr_state_FSM_FFd10 (FF)
  Destination:       S2/curr_dout (FF)
  Source Clock:      clk rising
  Destination Clock: clk rising

  Data Path: S2/curr_state_FSM_FFd10 to S2/curr_dout
                                Gate     Net
    Cell:in->out      fanout   Delay   Delay  Logical Name (Net Name)
    ----------------------------------------  ------------
     FDR:C->Q              3   0.591   0.674  S2/curr_state_FSM_FFd10 (S2/curr_state_FSM_FFd10)
     LUT4:I0->O            1   0.648   0.500  S2/next_dout32 (S2/next_dout32)
     LUT3:I1->O            1   0.643   0.452  S2/next_dout57 (S2/next_dout57)
     LUT3:I2->O            1   0.648   0.000  S2/next_dout731 (S2/next_dout73)
     FDRS:D                    0.252          S2/curr_dout
    ----------------------------------------
    Total                      4.408ns (2.782ns logic, 1.626ns route)
                                       (63.1% logic, 36.9% route)

=========================================================================
Timing constraint: Default OFFSET IN BEFORE for Clock 'clk'
  Total number of paths / destination ports: 15 / 15
-------------------------------------------------------------------------
Offset:              3.924ns (Levels of Logic = 3)
  Source:            PS2_CLK (PAD)
  Destination:       S2/curr_state_FSM_FFd3 (FF)
  Destination Clock: clk rising

  Data Path: PS2_CLK to S2/curr_state_FSM_FFd3
                                Gate     Net
    Cell:in->out      fanout   Delay   Delay  Logical Name (Net Name)
    ----------------------------------------  ------------
     IOBUF:IO->O          12   0.849   1.104  PS2_CLK_IOBUF (N11)
     LUT2_D:I0->O          1   0.648   0.423  S2/curr_state_FSM_FFd10-In11 (N01)
     LUT4:I3->O            1   0.648   0.000  S2/curr_state_FSM_FFd3-In1 (S2/curr_state_FSM_FFd3-In)
     FDR:D                     0.252          S2/curr_state_FSM_FFd3
    ----------------------------------------
    Total                      3.924ns (2.397ns logic, 1.527ns route)
                                       (61.1% logic, 38.9% route)

=========================================================================
Timing constraint: Default OFFSET OUT AFTER for Clock 'clk'
  Total number of paths / destination ports: 6 / 4
-------------------------------------------------------------------------
Offset:              6.991ns (Levels of Logic = 2)
  Source:            CMD_FSM/curr_state_FSM_FFd1 (FF)
  Destination:       led<0> (PAD)
  Source Clock:      clk rising

  Data Path: CMD_FSM/curr_state_FSM_FFd1 to led<0>
                                Gate     Net
    Cell:in->out      fanout   Delay   Delay  Logical Name (Net Name)
    ----------------------------------------  ------------
     FDR:C->Q              6   0.591   0.812  CMD_FSM/curr_state_FSM_FFd1 (CMD_FSM/curr_state_FSM_FFd1)
     LUT2:I0->O            1   0.648   0.420  CMD_FSM/curr_state_or00011 (led_0_OBUF)
     OBUF:I->O                 4.520          led_0_OBUF (led<0>)
    ----------------------------------------
    Total                      6.991ns (5.759ns logic, 1.232ns route)
                                       (82.4% logic, 17.6% route)

=========================================================================


Total REAL time to Xst completion: 7.00 secs
Total CPU time to Xst completion: 6.84 secs
 
--> 

Total memory usage is 4568080 kilobytes

Number of errors   :    0 (   0 filtered)
Number of warnings :   62 (   0 filtered)
Number of infos    :   18 (   0 filtered)

