Release 14.7 - xst P.20131013 (nt64)
Copyright (c) 1995-2013 Xilinx, Inc.  All rights reserved.
--> Parameter TMPDIR set to xst/projnav.tmp


Total REAL time to Xst completion: 0.00 secs
Total CPU time to Xst completion: 0.14 secs
 
--> Parameter xsthdpdir set to xst


Total REAL time to Xst completion: 0.00 secs
Total CPU time to Xst completion: 0.14 secs
 
--> Reading design: MOUSE_FSM_CMD.prj

TABLE OF CONTENTS
  1) Synthesis Options Summary
  2) HDL Compilation
  3) Design Hierarchy Analysis
  4) HDL Analysis
  5) HDL Synthesis
     5.1) HDL Synthesis Report
  6) Advanced HDL Synthesis
     6.1) Advanced HDL Synthesis Report
  7) Low Level Synthesis
  8) Partition Report
  9) Final Report
	9.1) Device utilization summary
	9.2) Partition Resource Summary
	9.3) TIMING REPORT


=========================================================================
*                      Synthesis Options Summary                        *
=========================================================================
---- Source Parameters
Input File Name                    : "MOUSE_FSM_CMD.prj"
Input Format                       : mixed
Ignore Synthesis Constraint File   : NO

---- Target Parameters
Output File Name                   : "MOUSE_FSM_CMD"
Output Format                      : NGC
Target Device                      : xc3s50a-4-tq144

---- Source Options
Top Module Name                    : MOUSE_FSM_CMD
Automatic FSM Extraction           : YES
FSM Encoding Algorithm             : Auto
Safe Implementation                : No
FSM Style                          : LUT
RAM Extraction                     : Yes
RAM Style                          : Auto
ROM Extraction                     : Yes
Mux Style                          : Auto
Decoder Extraction                 : YES
Priority Encoder Extraction        : Yes
Shift Register Extraction          : YES
Logical Shifter Extraction         : YES
XOR Collapsing                     : YES
ROM Style                          : Auto
Mux Extraction                     : Yes
Resource Sharing                   : YES
Asynchronous To Synchronous        : NO
Multiplier Style                   : Auto
Automatic Register Balancing       : No

---- Target Options
Add IO Buffers                     : YES
Global Maximum Fanout              : 100000
Add Generic Clock Buffer(BUFG)     : 24
Register Duplication               : YES
Slice Packing                      : YES
Optimize Instantiated Primitives   : NO
Use Clock Enable                   : Yes
Use Synchronous Set                : Yes
Use Synchronous Reset              : Yes
Pack IO Registers into IOBs        : Auto
Equivalent register Removal        : YES

---- General Options
Optimization Goal                  : Speed
Optimization Effort                : 1
Keep Hierarchy                     : No
Netlist Hierarchy                  : As_Optimized
RTL Output                         : Yes
Global Optimization                : AllClockNets
Read Cores                         : YES
Write Timing Constraints           : NO
Cross Clock Analysis               : NO
Hierarchy Separator                : /
Bus Delimiter                      : <>
Case Specifier                     : Maintain
Slice Utilization Ratio            : 100
BRAM Utilization Ratio             : 100
Verilog 2001                       : YES
Auto BRAM Packing                  : NO
Slice Utilization Ratio Delta      : 5

=========================================================================


=========================================================================
*                          HDL Compilation                              *
=========================================================================
Compiling verilog file "MOUSE_FSM_CMD.v" in library work
Module <MOUSE_FSM_CMD> compiled
No errors in compilation
Analysis of file <"MOUSE_FSM_CMD.prj"> succeeded.
 

=========================================================================
*                     Design Hierarchy Analysis                         *
=========================================================================
Analyzing hierarchy for module <MOUSE_FSM_CMD> in library <work>.


=========================================================================
*                            HDL Analysis                               *
=========================================================================
Analyzing top module <MOUSE_FSM_CMD>.
Module <MOUSE_FSM_CMD> is correct for synthesis.
 

=========================================================================
*                           HDL Synthesis                               *
=========================================================================

Performing bidirectional port resolution...

Synthesizing Unit <MOUSE_FSM_CMD>.
    Related source file is "MOUSE_FSM_CMD.v".
    Found finite state machine <FSM_0> for signal <curr_state>.
    -----------------------------------------------------------------------
    | States             | 3                                              |
    | Transitions        | 5                                              |
    | Inputs             | 2                                              |
    | Outputs            | 3                                              |
    | Clock              | clk                       (rising_edge)        |
    | Reset              | reset                     (positive)           |
    | Reset type         | synchronous                                    |
    | Reset State        | 0000                                           |
    | Encoding           | automatic                                      |
    | Implementation     | LUT                                            |
    -----------------------------------------------------------------------
    Found 8-bit register for signal <curr_cmd_buf>.
    Found 8-bit register for signal <curr_rx_buf>.
    Found 1-bit register for signal <curr_rx_en>.
    Found 1-bit register for signal <curr_trig_send>.
    Summary:
	inferred   1 Finite State Machine(s).
	inferred  18 D-type flip-flop(s).
Unit <MOUSE_FSM_CMD> synthesized.


=========================================================================
HDL Synthesis Report

Macro Statistics
# Registers                                            : 4
 1-bit register                                        : 2
 8-bit register                                        : 2

=========================================================================

=========================================================================
*                       Advanced HDL Synthesis                          *
=========================================================================

Analyzing FSM <FSM_0> for best encoding.
Optimizing FSM <curr_state/FSM> on signal <curr_state[1:2]> with gray encoding.
-------------------
 State | Encoding
-------------------
 0000  | 00
 0001  | 01
 0010  | 11
-------------------

=========================================================================
Advanced HDL Synthesis Report

Macro Statistics
# FSMs                                                 : 1
# Registers                                            : 18
 Flip-Flops                                            : 18

=========================================================================

=========================================================================
*                         Low Level Synthesis                           *
=========================================================================

Optimizing unit <MOUSE_FSM_CMD> ...

Mapping all equations...
Building and optimizing final netlist ...
Found area constraint ratio of 100 (+ 5) on block MOUSE_FSM_CMD, actual ratio is 1.

Final Macro Processing ...

=========================================================================
Final Register Report

Macro Statistics
# Registers                                            : 20
 Flip-Flops                                            : 20

=========================================================================

=========================================================================
*                           Partition Report                            *
=========================================================================

Partition Implementation Status
-------------------------------

  No Partitions were found in this design.

-------------------------------

=========================================================================
*                            Final Report                               *
=========================================================================
Final Results
RTL Top Level Output File Name     : MOUSE_FSM_CMD.ngr
Top Level Output File Name         : MOUSE_FSM_CMD
Output Format                      : NGC
Optimization Goal                  : Speed
Keep Hierarchy                     : No

Design Statistics
# IOs                              : 34

Cell Usage :
# BELS                             : 13
#      GND                         : 1
#      INV                         : 1
#      LUT2                        : 3
#      LUT4                        : 8
# FlipFlops/Latches                : 20
#      FDR                         : 10
#      FDRS                        : 10
# Clock Buffers                    : 1
#      BUFGP                       : 1
# IO Buffers                       : 33
#      IBUF                        : 11
#      OBUF                        : 22
=========================================================================

Device utilization summary:
---------------------------

Selected Device : 3s50atq144-4 

 Number of Slices:                       11  out of    704     1%  
 Number of Slice Flip Flops:             20  out of   1408     1%  
 Number of 4 input LUTs:                 12  out of   1408     0%  
 Number of IOs:                          34
 Number of bonded IOBs:                  34  out of    108    31%  
 Number of GCLKs:                         1  out of     24     4%  

---------------------------
Partition Resource Summary:
---------------------------

  No Partitions were found in this design.

---------------------------


=========================================================================
TIMING REPORT

NOTE: THESE TIMING NUMBERS ARE ONLY A SYNTHESIS ESTIMATE.
      FOR ACCURATE TIMING INFORMATION PLEASE REFER TO THE TRACE REPORT
      GENERATED AFTER PLACE-and-ROUTE.

Clock Information:
------------------
-----------------------------------+------------------------+-------+
Clock Signal                       | Clock buffer(FF name)  | Load  |
-----------------------------------+------------------------+-------+
clk                                | BUFGP                  | 20    |
-----------------------------------+------------------------+-------+

Asynchronous Control Signals Information:
----------------------------------------
No asynchronous control signals found in this design

Timing Summary:
---------------
Speed Grade: -4

   Minimum period: 3.754ns (Maximum Frequency: 266.383MHz)
   Minimum input arrival time before clock: 2.820ns
   Maximum output required time after clock: 7.371ns
   Maximum combinational path delay: No path found

Timing Detail:
--------------
All values displayed in nanoseconds (ns)

=========================================================================
Timing constraint: Default period analysis for Clock 'clk'
  Clock period: 3.754ns (frequency: 266.383MHz)
  Total number of paths / destination ports: 47 / 30
-------------------------------------------------------------------------
Delay:               3.754ns (Levels of Logic = 2)
  Source:            curr_state_FSM_FFd2 (FF)
  Destination:       curr_rx_buf_0 (FF)
  Source Clock:      clk rising
  Destination Clock: clk rising

  Data Path: curr_state_FSM_FFd2 to curr_rx_buf_0
                                Gate     Net
    Cell:in->out      fanout   Delay   Delay  Logical Name (Net Name)
    ----------------------------------------  ------------
     FDRS:C->Q             4   0.591   0.730  curr_state_FSM_FFd2 (curr_state_FSM_FFd2)
     LUT2:I0->O           10   0.648   0.885  curr_state_FSM_Out11 (debug_curr_state_0_OBUF)
     LUT4:I3->O            1   0.648   0.000  next_rx_buf<7>1 (next_rx_buf<7>)
     FDR:D                     0.252          curr_rx_buf_7
    ----------------------------------------
    Total                      3.754ns (2.139ns logic, 1.615ns route)
                                       (57.0% logic, 43.0% route)

=========================================================================
Timing constraint: Default OFFSET IN BEFORE for Clock 'clk'
  Total number of paths / destination ports: 38 / 30
-------------------------------------------------------------------------
Offset:              2.820ns (Levels of Logic = 1)
  Source:            reset (PAD)
  Destination:       curr_rx_buf_0 (FF)
  Destination Clock: clk rising

  Data Path: reset to curr_rx_buf_0
                                Gate     Net
    Cell:in->out      fanout   Delay   Delay  Logical Name (Net Name)
    ----------------------------------------  ------------
     IBUF:I->O            20   0.849   1.102  reset_IBUF (reset_IBUF)
     FDR:R                     0.869          curr_rx_buf_0
    ----------------------------------------
    Total                      2.820ns (1.718ns logic, 1.102ns route)
                                       (60.9% logic, 39.1% route)

=========================================================================
Timing constraint: Default OFFSET OUT AFTER for Clock 'clk'
  Total number of paths / destination ports: 21 / 20
-------------------------------------------------------------------------
Offset:              7.371ns (Levels of Logic = 2)
  Source:            curr_state_FSM_FFd2 (FF)
  Destination:       debug_curr_state<0> (PAD)
  Source Clock:      clk rising

  Data Path: curr_state_FSM_FFd2 to debug_curr_state<0>
                                Gate     Net
    Cell:in->out      fanout   Delay   Delay  Logical Name (Net Name)
    ----------------------------------------  ------------
     FDRS:C->Q             4   0.591   0.730  curr_state_FSM_FFd2 (curr_state_FSM_FFd2)
     LUT2:I0->O           10   0.648   0.882  curr_state_FSM_Out11 (debug_curr_state_0_OBUF)
     OBUF:I->O                 4.520          debug_curr_state_0_OBUF (debug_curr_state<0>)
    ----------------------------------------
    Total                      7.371ns (5.759ns logic, 1.612ns route)
                                       (78.1% logic, 21.9% route)

=========================================================================


Total REAL time to Xst completion: 6.00 secs
Total CPU time to Xst completion: 5.52 secs
 
--> 

Total memory usage is 4551944 kilobytes

Number of errors   :    0 (   0 filtered)
Number of warnings :    0 (   0 filtered)
Number of infos    :    0 (   0 filtered)

