Release 14.7 - xst P.20131013 (nt64)
Copyright (c) 1995-2013 Xilinx, Inc.  All rights reserved.
--> Parameter TMPDIR set to xst/projnav.tmp


Total REAL time to Xst completion: 0.00 secs
Total CPU time to Xst completion: 0.13 secs
 
--> Parameter xsthdpdir set to xst


Total REAL time to Xst completion: 0.00 secs
Total CPU time to Xst completion: 0.13 secs
 
--> Reading design: main.prj

TABLE OF CONTENTS
  1) Synthesis Options Summary
  2) HDL Compilation
  3) Design Hierarchy Analysis
  4) HDL Analysis
  5) HDL Synthesis
     5.1) HDL Synthesis Report
  6) Advanced HDL Synthesis
     6.1) Advanced HDL Synthesis Report
  7) Low Level Synthesis
  8) Partition Report
  9) Final Report
	9.1) Device utilization summary
	9.2) Partition Resource Summary
	9.3) TIMING REPORT


=========================================================================
*                      Synthesis Options Summary                        *
=========================================================================
---- Source Parameters
Input File Name                    : "main.prj"
Input Format                       : mixed
Ignore Synthesis Constraint File   : NO

---- Target Parameters
Output File Name                   : "main"
Output Format                      : NGC
Target Device                      : xc3s50a-4-tq144

---- Source Options
Top Module Name                    : main
Automatic FSM Extraction           : YES
FSM Encoding Algorithm             : Auto
Safe Implementation                : No
FSM Style                          : LUT
RAM Extraction                     : Yes
RAM Style                          : Auto
ROM Extraction                     : Yes
Mux Style                          : Auto
Decoder Extraction                 : YES
Priority Encoder Extraction        : Yes
Shift Register Extraction          : YES
Logical Shifter Extraction         : YES
XOR Collapsing                     : YES
ROM Style                          : Auto
Mux Extraction                     : Yes
Resource Sharing                   : YES
Asynchronous To Synchronous        : NO
Multiplier Style                   : Auto
Automatic Register Balancing       : No

---- Target Options
Add IO Buffers                     : YES
Global Maximum Fanout              : 100000
Add Generic Clock Buffer(BUFG)     : 24
Register Duplication               : YES
Slice Packing                      : YES
Optimize Instantiated Primitives   : NO
Use Clock Enable                   : Yes
Use Synchronous Set                : Yes
Use Synchronous Reset              : Yes
Pack IO Registers into IOBs        : Auto
Equivalent register Removal        : YES

---- General Options
Optimization Goal                  : Speed
Optimization Effort                : 1
Keep Hierarchy                     : No
Netlist Hierarchy                  : As_Optimized
RTL Output                         : Yes
Global Optimization                : AllClockNets
Read Cores                         : YES
Write Timing Constraints           : NO
Cross Clock Analysis               : NO
Hierarchy Separator                : /
Bus Delimiter                      : <>
Case Specifier                     : Maintain
Slice Utilization Ratio            : 100
BRAM Utilization Ratio             : 100
Verilog 2001                       : YES
Auto BRAM Packing                  : NO
Slice Utilization Ratio Delta      : 5

=========================================================================


=========================================================================
*                          HDL Compilation                              *
=========================================================================
Compiling verilog file "PS2_data_in.v" in library work
Compiling verilog file "CLK16Mhz.v" in library work
Module <ps2_data_in> compiled
Compiling verilog file "DataOutModule1.v" in library work
Module <CLK16Mhz> compiled
Compiling verilog file "main.v" in library work
Module <DataOutModule1> compiled
Module <main> compiled
No errors in compilation
Analysis of file <"main.prj"> succeeded.
 

=========================================================================
*                     Design Hierarchy Analysis                         *
=========================================================================
Analyzing hierarchy for module <main> in library <work>.

Analyzing hierarchy for module <CLK16Mhz> in library <work>.

Analyzing hierarchy for module <DataOutModule1> in library <work>.

Analyzing hierarchy for module <ps2_data_in> in library <work>.


=========================================================================
*                            HDL Analysis                               *
=========================================================================
Analyzing top module <main>.
Module <main> is correct for synthesis.
 
Analyzing module <CLK16Mhz> in library <work>.
Module <CLK16Mhz> is correct for synthesis.
 
    Set user-defined property "CAPACITANCE =  DONT_CARE" for instance <CLKIN_IBUFG_INST> in unit <CLK16Mhz>.
    Set user-defined property "IBUF_DELAY_VALUE =  0" for instance <CLKIN_IBUFG_INST> in unit <CLK16Mhz>.
    Set user-defined property "IBUF_LOW_PWR =  TRUE" for instance <CLKIN_IBUFG_INST> in unit <CLK16Mhz>.
    Set user-defined property "IOSTANDARD =  DEFAULT" for instance <CLKIN_IBUFG_INST> in unit <CLK16Mhz>.
    Set user-defined property "CLKDV_DIVIDE =  2.000000" for instance <DCM_SP_INST> in unit <CLK16Mhz>.
    Set user-defined property "CLKFX_DIVIDE =  25" for instance <DCM_SP_INST> in unit <CLK16Mhz>.
    Set user-defined property "CLKFX_MULTIPLY =  16" for instance <DCM_SP_INST> in unit <CLK16Mhz>.
    Set user-defined property "CLKIN_DIVIDE_BY_2 =  FALSE" for instance <DCM_SP_INST> in unit <CLK16Mhz>.
    Set user-defined property "CLKIN_PERIOD =  40.000000" for instance <DCM_SP_INST> in unit <CLK16Mhz>.
    Set user-defined property "CLKOUT_PHASE_SHIFT =  NONE" for instance <DCM_SP_INST> in unit <CLK16Mhz>.
    Set user-defined property "CLK_FEEDBACK =  1X" for instance <DCM_SP_INST> in unit <CLK16Mhz>.
    Set user-defined property "DESKEW_ADJUST =  SYSTEM_SYNCHRONOUS" for instance <DCM_SP_INST> in unit <CLK16Mhz>.
    Set user-defined property "DFS_FREQUENCY_MODE =  LOW" for instance <DCM_SP_INST> in unit <CLK16Mhz>.
    Set user-defined property "DLL_FREQUENCY_MODE =  LOW" for instance <DCM_SP_INST> in unit <CLK16Mhz>.
    Set user-defined property "DSS_MODE =  NONE" for instance <DCM_SP_INST> in unit <CLK16Mhz>.
    Set user-defined property "DUTY_CYCLE_CORRECTION =  TRUE" for instance <DCM_SP_INST> in unit <CLK16Mhz>.
    Set user-defined property "FACTORY_JF =  C080" for instance <DCM_SP_INST> in unit <CLK16Mhz>.
    Set user-defined property "PHASE_SHIFT =  0" for instance <DCM_SP_INST> in unit <CLK16Mhz>.
    Set user-defined property "STARTUP_WAIT =  FALSE" for instance <DCM_SP_INST> in unit <CLK16Mhz>.
Analyzing module <DataOutModule1> in library <work>.
Module <DataOutModule1> is correct for synthesis.
 
Analyzing module <ps2_data_in> in library <work>.
Module <ps2_data_in> is correct for synthesis.
 

=========================================================================
*                           HDL Synthesis                               *
=========================================================================

Performing bidirectional port resolution...
INFO:Xst:2679 - Register <i> in unit <DataOutModule1> has a constant value of 111 during circuit operation. The register is replaced by logic.
INFO:Xst:2679 - Register <i> in unit <ps2_data_in> has a constant value of 0111 during circuit operation. The register is replaced by logic.
INFO:Xst:2679 - Register <i> in unit <ps2_data_in> has a constant value of 1000 during circuit operation. The register is replaced by logic.

Synthesizing Unit <DataOutModule1>.
    Related source file is "DataOutModule1.v".
WARNING:Xst:647 - Input <transmit> is never used. This port will be preserved and left unconnected if it belongs to a top-level block or it belongs to a sub-block and the hierarchy of this sub-block is preserved.
WARNING:Xst:653 - Signal <txmatch<0>> is used but never assigned. This sourceless signal will be automatically connected to value 0.
WARNING:Xst:653 - Signal <txdisable> is used but never assigned. This sourceless signal will be automatically connected to value 0.
WARNING:Xst:646 - Signal <shiftmatch<1>> is assigned but never used. This unconnected signal will be trimmed during the optimization process.
WARNING:Xst:653 - Signal <shiftmatch<0>> is used but never assigned. This sourceless signal will be automatically connected to value 0.
WARNING:Xst:646 - Signal <dout> is assigned but never used. This unconnected signal will be trimmed during the optimization process.
WARNING:Xst:646 - Signal <detect> is assigned but never used. This unconnected signal will be trimmed during the optimization process.
    Found 1-bit tristate buffer for signal <ps2data>.
    Found 1-bit tristate buffer for signal <ps2clk>.
    Found 14-bit adder for signal <$add0000> created at line 55.
    Found 8-bit register for signal <buffer>.
    Found 14-bit register for signal <ClkDivider>.
    Found 10-bit up counter for signal <disablecount>.
    Found 1-bit register for signal <en>.
    Found 1-bit register for signal <txmatch<1>>.
    Summary:
	inferred   1 Counter(s).
	inferred  24 D-type flip-flop(s).
	inferred   1 Adder/Subtractor(s).
	inferred   2 Tristate(s).
Unit <DataOutModule1> synthesized.


Synthesizing Unit <ps2_data_in>.
    Related source file is "PS2_data_in.v".
WARNING:Xst:1780 - Signal <ClkDivider> is never used or assigned. This unconnected signal will be trimmed during the optimization process.
    Found 8-bit register for signal <data>.
    Found 8-bit register for signal <buffer>.
    Summary:
	inferred  16 D-type flip-flop(s).
Unit <ps2_data_in> synthesized.


Synthesizing Unit <CLK16Mhz>.
    Related source file is "CLK16Mhz.v".
Unit <CLK16Mhz> synthesized.


Synthesizing Unit <main>.
    Related source file is "main.v".
Unit <main> synthesized.


=========================================================================
HDL Synthesis Report

Macro Statistics
# Adders/Subtractors                                   : 1
 14-bit adder                                          : 1
# Registers                                            : 40
 1-bit register                                        : 40
# Tristates                                            : 2
 1-bit tristate buffer                                 : 2

=========================================================================

=========================================================================
*                       Advanced HDL Synthesis                          *
=========================================================================

WARNING:Xst:1710 - FF/Latch <txmatch_1> (without init value) has a constant value of 0 in block <sender>. This FF/Latch will be trimmed during the optimization process.
WARNING:Xst:1710 - FF/Latch <en> (without init value) has a constant value of 0 in block <sender>. This FF/Latch will be trimmed during the optimization process.
WARNING:Xst:1710 - FF/Latch <ClkDivider_9> (without init value) has a constant value of 0 in block <sender>. This FF/Latch will be trimmed during the optimization process.
WARNING:Xst:1710 - FF/Latch <buffer_0> (without init value) has a constant value of 0 in block <sender>. This FF/Latch will be trimmed during the optimization process.
WARNING:Xst:1710 - FF/Latch <buffer_1> (without init value) has a constant value of 0 in block <sender>. This FF/Latch will be trimmed during the optimization process.
WARNING:Xst:1710 - FF/Latch <buffer_4> (without init value) has a constant value of 0 in block <sender>. This FF/Latch will be trimmed during the optimization process.
WARNING:Xst:1710 - FF/Latch <buffer_2> (without init value) has a constant value of 0 in block <sender>. This FF/Latch will be trimmed during the optimization process.
WARNING:Xst:1710 - FF/Latch <buffer_3> (without init value) has a constant value of 0 in block <sender>. This FF/Latch will be trimmed during the optimization process.
WARNING:Xst:1710 - FF/Latch <buffer_5> (without init value) has a constant value of 0 in block <sender>. This FF/Latch will be trimmed during the optimization process.
WARNING:Xst:1710 - FF/Latch <buffer_6> (without init value) has a constant value of 0 in block <sender>. This FF/Latch will be trimmed during the optimization process.
WARNING:Xst:1710 - FF/Latch <buffer_7> (without init value) has a constant value of 0 in block <sender>. This FF/Latch will be trimmed during the optimization process.
WARNING:Xst:1710 - FF/Latch <ClkDivider_13> (without init value) has a constant value of 0 in block <sender>. This FF/Latch will be trimmed during the optimization process.
WARNING:Xst:1710 - FF/Latch <ClkDivider_10> (without init value) has a constant value of 0 in block <sender>. This FF/Latch will be trimmed during the optimization process.
WARNING:Xst:1710 - FF/Latch <ClkDivider_12> (without init value) has a constant value of 0 in block <sender>. This FF/Latch will be trimmed during the optimization process.
WARNING:Xst:1710 - FF/Latch <ClkDivider_11> (without init value) has a constant value of 0 in block <sender>. This FF/Latch will be trimmed during the optimization process.
WARNING:Xst:1710 - FF/Latch <ClkDivider_8> (without init value) has a constant value of 0 in block <sender>. This FF/Latch will be trimmed during the optimization process.
WARNING:Xst:1710 - FF/Latch <ClkDivider_7> (without init value) has a constant value of 0 in block <sender>. This FF/Latch will be trimmed during the optimization process.
WARNING:Xst:1710 - FF/Latch <ClkDivider_6> (without init value) has a constant value of 0 in block <sender>. This FF/Latch will be trimmed during the optimization process.
WARNING:Xst:1710 - FF/Latch <ClkDivider_3> (without init value) has a constant value of 0 in block <sender>. This FF/Latch will be trimmed during the optimization process.
WARNING:Xst:1710 - FF/Latch <ClkDivider_5> (without init value) has a constant value of 0 in block <sender>. This FF/Latch will be trimmed during the optimization process.
WARNING:Xst:1710 - FF/Latch <ClkDivider_4> (without init value) has a constant value of 0 in block <sender>. This FF/Latch will be trimmed during the optimization process.
WARNING:Xst:1710 - FF/Latch <ClkDivider_0> (without init value) has a constant value of 0 in block <sender>. This FF/Latch will be trimmed during the optimization process.
WARNING:Xst:1710 - FF/Latch <ClkDivider_2> (without init value) has a constant value of 0 in block <sender>. This FF/Latch will be trimmed during the optimization process.
WARNING:Xst:1710 - FF/Latch <ClkDivider_1> (without init value) has a constant value of 0 in block <sender>. This FF/Latch will be trimmed during the optimization process.

=========================================================================
Advanced HDL Synthesis Report

Macro Statistics
# Adders/Subtractors                                   : 1
 14-bit adder                                          : 1
# Registers                                            : 40
 Flip-Flops                                            : 40

=========================================================================

=========================================================================
*                         Low Level Synthesis                           *
=========================================================================
WARNING:Xst:1710 - FF/Latch <buffer_0> (without init value) has a constant value of 0 in block <DataOutModule1>. This FF/Latch will be trimmed during the optimization process.
WARNING:Xst:1710 - FF/Latch <buffer_1> (without init value) has a constant value of 0 in block <DataOutModule1>. This FF/Latch will be trimmed during the optimization process.
WARNING:Xst:1710 - FF/Latch <buffer_4> (without init value) has a constant value of 0 in block <DataOutModule1>. This FF/Latch will be trimmed during the optimization process.
WARNING:Xst:1710 - FF/Latch <buffer_2> (without init value) has a constant value of 0 in block <DataOutModule1>. This FF/Latch will be trimmed during the optimization process.
WARNING:Xst:1710 - FF/Latch <buffer_3> (without init value) has a constant value of 0 in block <DataOutModule1>. This FF/Latch will be trimmed during the optimization process.
WARNING:Xst:1710 - FF/Latch <buffer_5> (without init value) has a constant value of 0 in block <DataOutModule1>. This FF/Latch will be trimmed during the optimization process.
WARNING:Xst:1710 - FF/Latch <buffer_6> (without init value) has a constant value of 0 in block <DataOutModule1>. This FF/Latch will be trimmed during the optimization process.
WARNING:Xst:1895 - Due to other FF/Latch trimming, FF/Latch <txmatch_1> (without init value) has a constant value of 0 in block <DataOutModule1>. This FF/Latch will be trimmed during the optimization process.
WARNING:Xst:1895 - Due to other FF/Latch trimming, FF/Latch <ClkDivider_9> (without init value) has a constant value of 0 in block <DataOutModule1>. This FF/Latch will be trimmed during the optimization process.
WARNING:Xst:1895 - Due to other FF/Latch trimming, FF/Latch <buffer_7> (without init value) has a constant value of 0 in block <DataOutModule1>. This FF/Latch will be trimmed during the optimization process.
WARNING:Xst:1895 - Due to other FF/Latch trimming, FF/Latch <en> (without init value) has a constant value of 0 in block <DataOutModule1>. This FF/Latch will be trimmed during the optimization process.
WARNING:Xst:2677 - Node <ClkDivider_13> of sequential type is unconnected in block <DataOutModule1>.
WARNING:Xst:2677 - Node <ClkDivider_10> of sequential type is unconnected in block <DataOutModule1>.
WARNING:Xst:2677 - Node <ClkDivider_12> of sequential type is unconnected in block <DataOutModule1>.
WARNING:Xst:2677 - Node <ClkDivider_11> of sequential type is unconnected in block <DataOutModule1>.
WARNING:Xst:2677 - Node <ClkDivider_8> of sequential type is unconnected in block <DataOutModule1>.
WARNING:Xst:2677 - Node <ClkDivider_7> of sequential type is unconnected in block <DataOutModule1>.
WARNING:Xst:2677 - Node <ClkDivider_6> of sequential type is unconnected in block <DataOutModule1>.
WARNING:Xst:2677 - Node <ClkDivider_3> of sequential type is unconnected in block <DataOutModule1>.
WARNING:Xst:2677 - Node <ClkDivider_5> of sequential type is unconnected in block <DataOutModule1>.
WARNING:Xst:2677 - Node <ClkDivider_4> of sequential type is unconnected in block <DataOutModule1>.
WARNING:Xst:2677 - Node <ClkDivider_0> of sequential type is unconnected in block <DataOutModule1>.
WARNING:Xst:2677 - Node <ClkDivider_2> of sequential type is unconnected in block <DataOutModule1>.
WARNING:Xst:2677 - Node <ClkDivider_1> of sequential type is unconnected in block <DataOutModule1>.

Optimizing unit <main> ...

Optimizing unit <ps2_data_in> ...

Mapping all equations...
Building and optimizing final netlist ...
Found area constraint ratio of 100 (+ 5) on block main, actual ratio is 2.

Final Macro Processing ...

=========================================================================
Final Register Report

Macro Statistics
# Registers                                            : 16
 Flip-Flops                                            : 16

=========================================================================

=========================================================================
*                           Partition Report                            *
=========================================================================

Partition Implementation Status
-------------------------------

  No Partitions were found in this design.

-------------------------------

=========================================================================
*                            Final Report                               *
=========================================================================
Final Results
RTL Top Level Output File Name     : main.ngr
Top Level Output File Name         : main
Output Format                      : NGC
Optimization Goal                  : Speed
Keep Hierarchy                     : No

Design Statistics
# IOs                              : 22

Cell Usage :
# BELS                             : 19
#      GND                         : 1
#      INV                         : 1
#      LUT2                        : 16
#      VCC                         : 1
# FlipFlops/Latches                : 16
#      FDCP                        : 8
#      FDR_1                       : 8
# Clock Buffers                    : 3
#      BUFG                        : 2
#      BUFGP                       : 1
# IO Buffers                       : 12
#      IBUF                        : 1
#      IBUFG                       : 1
#      OBUF                        : 8
#      OBUFT                       : 2
# DCMs                             : 1
#      DCM_SP                      : 1
=========================================================================

Device utilization summary:
---------------------------

Selected Device : 3s50atq144-4 

 Number of Slices:                        9  out of    704     1%  
 Number of Slice Flip Flops:              8  out of   1408     0%  
 Number of 4 input LUTs:                 17  out of   1408     1%  
 Number of IOs:                          22
 Number of bonded IOBs:                  13  out of    108    12%  
    IOB Flip Flops:                       8
 Number of GCLKs:                         3  out of     24    12%  
 Number of DCMs:                          1  out of      2    50%  

---------------------------
Partition Resource Summary:
---------------------------

  No Partitions were found in this design.

---------------------------


=========================================================================
TIMING REPORT

NOTE: THESE TIMING NUMBERS ARE ONLY A SYNTHESIS ESTIMATE.
      FOR ACCURATE TIMING INFORMATION PLEASE REFER TO THE TRACE REPORT
      GENERATED AFTER PLACE-and-ROUTE.

Clock Information:
------------------
-----------------------------------+-------------------------+-------+
Clock Signal                       | Clock buffer(FF name)   | Load  |
-----------------------------------+-------------------------+-------+
datalink<2>                        | BUFGP                   | 8     |
clk                                | clkgen/DCM_SP_INST:CLKFX| 8     |
-----------------------------------+-------------------------+-------+

Asynchronous Control Signals Information:
----------------------------------------
---------------------------------------------------+------------------------+-------+
Control Signal                                     | Buffer(FF name)        | Load  |
---------------------------------------------------+------------------------+-------+
receive1/data_0_and0000(receive1/data_0_and00001:O)| NONE(receive1/data_0)  | 1     |
receive1/data_0_and0001(receive1/data_0_and00011:O)| NONE(receive1/data_0)  | 1     |
receive1/data_1_and0000(receive1/data_1_and00001:O)| NONE(receive1/data_1)  | 1     |
receive1/data_1_and0001(receive1/data_1_and00011:O)| NONE(receive1/data_1)  | 1     |
receive1/data_2_and0000(receive1/data_2_and00001:O)| NONE(receive1/data_2)  | 1     |
receive1/data_2_and0001(receive1/data_2_and00011:O)| NONE(receive1/data_2)  | 1     |
receive1/data_3_and0000(receive1/data_3_and00001:O)| NONE(receive1/data_3)  | 1     |
receive1/data_3_and0001(receive1/data_3_and00011:O)| NONE(receive1/data_3)  | 1     |
receive1/data_4_and0000(receive1/data_4_and00001:O)| NONE(receive1/data_4)  | 1     |
receive1/data_4_and0001(receive1/data_4_and00011:O)| NONE(receive1/data_4)  | 1     |
receive1/data_5_and0000(receive1/data_5_and00001:O)| NONE(receive1/data_5)  | 1     |
receive1/data_5_and0001(receive1/data_5_and00011:O)| NONE(receive1/data_5)  | 1     |
receive1/data_6_and0000(receive1/data_6_and00001:O)| NONE(receive1/data_6)  | 1     |
receive1/data_6_and0001(receive1/data_6_and00011:O)| NONE(receive1/data_6)  | 1     |
receive1/data_7_and0000(receive1/data_7_and00001:O)| NONE(receive1/data_7)  | 1     |
receive1/data_7_and0001(receive1/data_7_and00011:O)| NONE(receive1/data_7)  | 1     |
---------------------------------------------------+------------------------+-------+

Timing Summary:
---------------
Speed Grade: -4

   Minimum period: 1.374ns (Maximum Frequency: 727.802MHz)
   Minimum input arrival time before clock: 1.521ns
   Maximum output required time after clock: 5.531ns
   Maximum combinational path delay: No path found

Timing Detail:
--------------
All values displayed in nanoseconds (ns)

=========================================================================
Timing constraint: Default period analysis for Clock 'datalink<2>'
  Clock period: 1.374ns (frequency: 727.802MHz)
  Total number of paths / destination ports: 7 / 7
-------------------------------------------------------------------------
Delay:               1.374ns (Levels of Logic = 0)
  Source:            receive1/buffer_1 (FF)
  Destination:       receive1/buffer_0 (FF)
  Source Clock:      datalink<2> falling
  Destination Clock: datalink<2> falling

  Data Path: receive1/buffer_1 to receive1/buffer_0
                                Gate     Net
    Cell:in->out      fanout   Delay   Delay  Logical Name (Net Name)
    ----------------------------------------  ------------
     FDR_1:C->Q            3   0.591   0.531  receive1/buffer_1 (receive1/buffer_1)
     FDR_1:D                   0.252          receive1/buffer_0
    ----------------------------------------
    Total                      1.374ns (0.843ns logic, 0.531ns route)
                                       (61.4% logic, 38.6% route)

=========================================================================
Timing constraint: Default OFFSET IN BEFORE for Clock 'datalink<2>'
  Total number of paths / destination ports: 1 / 1
-------------------------------------------------------------------------
Offset:              1.521ns (Levels of Logic = 1)
  Source:            datalink<3> (PAD)
  Destination:       receive1/buffer_7 (FF)
  Destination Clock: datalink<2> falling

  Data Path: datalink<3> to receive1/buffer_7
                                Gate     Net
    Cell:in->out      fanout   Delay   Delay  Logical Name (Net Name)
    ----------------------------------------  ------------
     IBUF:I->O             1   0.849   0.420  datalink_3_IBUF (datalink_3_IBUF)
     FDR_1:D                   0.252          receive1/buffer_7
    ----------------------------------------
    Total                      1.521ns (1.101ns logic, 0.420ns route)
                                       (72.4% logic, 27.6% route)

=========================================================================
Timing constraint: Default OFFSET OUT AFTER for Clock 'clk'
  Total number of paths / destination ports: 8 / 8
-------------------------------------------------------------------------
Offset:              5.531ns (Levels of Logic = 1)
  Source:            receive1/data_7 (FF)
  Destination:       led<7> (PAD)
  Source Clock:      clk rising 0.6X

  Data Path: receive1/data_7 to led<7>
                                Gate     Net
    Cell:in->out      fanout   Delay   Delay  Logical Name (Net Name)
    ----------------------------------------  ------------
     FDCP:C->Q             1   0.591   0.420  receive1/data_7 (receive1/data_7)
     OBUF:I->O                 4.520          led_7_OBUF (led<7>)
    ----------------------------------------
    Total                      5.531ns (5.111ns logic, 0.420ns route)
                                       (92.4% logic, 7.6% route)

=========================================================================


Total REAL time to Xst completion: 5.00 secs
Total CPU time to Xst completion: 5.12 secs
 
--> 

Total memory usage is 4551900 kilobytes

Number of errors   :    0 (   0 filtered)
Number of warnings :   56 (   0 filtered)
Number of infos    :    3 (   0 filtered)

