Release 14.7 - xst P.20131013 (nt64)
Copyright (c) 1995-2013 Xilinx, Inc.  All rights reserved.
--> Parameter TMPDIR set to xst/projnav.tmp


Total REAL time to Xst completion: 0.00 secs
Total CPU time to Xst completion: 0.13 secs
 
--> Parameter xsthdpdir set to xst


Total REAL time to Xst completion: 0.00 secs
Total CPU time to Xst completion: 0.13 secs
 
--> Reading design: main.prj

TABLE OF CONTENTS
  1) Synthesis Options Summary
  2) HDL Compilation
  3) Design Hierarchy Analysis
  4) HDL Analysis
  5) HDL Synthesis
     5.1) HDL Synthesis Report
  6) Advanced HDL Synthesis
     6.1) Advanced HDL Synthesis Report
  7) Low Level Synthesis
  8) Partition Report
  9) Final Report
	9.1) Device utilization summary
	9.2) Partition Resource Summary
	9.3) TIMING REPORT


=========================================================================
*                      Synthesis Options Summary                        *
=========================================================================
---- Source Parameters
Input File Name                    : "main.prj"
Input Format                       : mixed
Ignore Synthesis Constraint File   : NO

---- Target Parameters
Output File Name                   : "main"
Output Format                      : NGC
Target Device                      : xc3s50a-4-tq144

---- Source Options
Top Module Name                    : main
Automatic FSM Extraction           : YES
FSM Encoding Algorithm             : Auto
Safe Implementation                : No
FSM Style                          : LUT
RAM Extraction                     : Yes
RAM Style                          : Auto
ROM Extraction                     : Yes
Mux Style                          : Auto
Decoder Extraction                 : YES
Priority Encoder Extraction        : Yes
Shift Register Extraction          : YES
Logical Shifter Extraction         : YES
XOR Collapsing                     : YES
ROM Style                          : Auto
Mux Extraction                     : Yes
Resource Sharing                   : YES
Asynchronous To Synchronous        : NO
Multiplier Style                   : Auto
Automatic Register Balancing       : No

---- Target Options
Add IO Buffers                     : YES
Global Maximum Fanout              : 100000
Add Generic Clock Buffer(BUFG)     : 24
Register Duplication               : YES
Slice Packing                      : YES
Optimize Instantiated Primitives   : NO
Use Clock Enable                   : Yes
Use Synchronous Set                : Yes
Use Synchronous Reset              : Yes
Pack IO Registers into IOBs        : Auto
Equivalent register Removal        : YES

---- General Options
Optimization Goal                  : Speed
Optimization Effort                : 1
Keep Hierarchy                     : No
Netlist Hierarchy                  : As_Optimized
RTL Output                         : Yes
Global Optimization                : AllClockNets
Read Cores                         : YES
Write Timing Constraints           : NO
Cross Clock Analysis               : NO
Hierarchy Separator                : /
Bus Delimiter                      : <>
Case Specifier                     : Maintain
Slice Utilization Ratio            : 100
BRAM Utilization Ratio             : 100
Verilog 2001                       : YES
Auto BRAM Packing                  : NO
Slice Utilization Ratio Delta      : 5

---- Other Options
Cores Search Directories           : {"ipcore_dir"  }

=========================================================================


=========================================================================
*                          HDL Compilation                              *
=========================================================================
Compiling verilog file "VGA_controller.v" in library work
Compiling verilog file "text_gen.v" in library work
Module <VGAcontroller> compiled
Compiling verilog file "pix_Controller.v" in library work
Module <text_gen> compiled
Compiling verilog file "clkgen.v" in library work
Module <pix_Controller> compiled
Compiling verilog file "ipcore_dir/CharBank.v" in library work
Module <clkgen> compiled
Compiling verilog file "main.v" in library work
Module <CharBank> compiled
Module <main> compiled
No errors in compilation
Analysis of file <"main.prj"> succeeded.
 

=========================================================================
*                     Design Hierarchy Analysis                         *
=========================================================================
Analyzing hierarchy for module <main> in library <work>.

Analyzing hierarchy for module <clkgen> in library <work>.

Analyzing hierarchy for module <VGAcontroller> in library <work>.

Analyzing hierarchy for module <pix_Controller> in library <work>.

Analyzing hierarchy for module <text_gen> in library <work>.


=========================================================================
*                            HDL Analysis                               *
=========================================================================
Analyzing top module <main>.
WARNING:Xst:2211 - "ipcore_dir/CharBank.v" line 85: Instantiating black box module <CharBank>.
Module <main> is correct for synthesis.
 
Analyzing module <clkgen> in library <work>.
Module <clkgen> is correct for synthesis.
 
    Set user-defined property "CAPACITANCE =  DONT_CARE" for instance <CLKIN_IBUFG_INST> in unit <clkgen>.
    Set user-defined property "IBUF_DELAY_VALUE =  0" for instance <CLKIN_IBUFG_INST> in unit <clkgen>.
    Set user-defined property "IBUF_LOW_PWR =  TRUE" for instance <CLKIN_IBUFG_INST> in unit <clkgen>.
    Set user-defined property "IOSTANDARD =  DEFAULT" for instance <CLKIN_IBUFG_INST> in unit <clkgen>.
    Set user-defined property "CLKDV_DIVIDE =  2.000000" for instance <DCM_SP_INST> in unit <clkgen>.
    Set user-defined property "CLKFX_DIVIDE =  1" for instance <DCM_SP_INST> in unit <clkgen>.
    Set user-defined property "CLKFX_MULTIPLY =  4" for instance <DCM_SP_INST> in unit <clkgen>.
    Set user-defined property "CLKIN_DIVIDE_BY_2 =  FALSE" for instance <DCM_SP_INST> in unit <clkgen>.
    Set user-defined property "CLKIN_PERIOD =  40.000000" for instance <DCM_SP_INST> in unit <clkgen>.
    Set user-defined property "CLKOUT_PHASE_SHIFT =  NONE" for instance <DCM_SP_INST> in unit <clkgen>.
    Set user-defined property "CLK_FEEDBACK =  1X" for instance <DCM_SP_INST> in unit <clkgen>.
    Set user-defined property "DESKEW_ADJUST =  SYSTEM_SYNCHRONOUS" for instance <DCM_SP_INST> in unit <clkgen>.
    Set user-defined property "DFS_FREQUENCY_MODE =  LOW" for instance <DCM_SP_INST> in unit <clkgen>.
    Set user-defined property "DLL_FREQUENCY_MODE =  LOW" for instance <DCM_SP_INST> in unit <clkgen>.
    Set user-defined property "DSS_MODE =  NONE" for instance <DCM_SP_INST> in unit <clkgen>.
    Set user-defined property "DUTY_CYCLE_CORRECTION =  TRUE" for instance <DCM_SP_INST> in unit <clkgen>.
    Set user-defined property "FACTORY_JF =  C080" for instance <DCM_SP_INST> in unit <clkgen>.
    Set user-defined property "PHASE_SHIFT =  0" for instance <DCM_SP_INST> in unit <clkgen>.
    Set user-defined property "STARTUP_WAIT =  FALSE" for instance <DCM_SP_INST> in unit <clkgen>.
Analyzing module <VGAcontroller> in library <work>.
Module <VGAcontroller> is correct for synthesis.
 
Analyzing module <pix_Controller> in library <work>.
Module <pix_Controller> is correct for synthesis.
 
Analyzing module <text_gen> in library <work>.
Module <text_gen> is correct for synthesis.
 

=========================================================================
*                           HDL Synthesis                               *
=========================================================================

Performing bidirectional port resolution...
INFO:Xst:2679 - Register <led<7>> in unit <main> has a constant value of 0 during circuit operation. The register is replaced by logic.
INFO:Xst:2679 - Register <led<6>> in unit <main> has a constant value of 0 during circuit operation. The register is replaced by logic.
INFO:Xst:2679 - Register <led<5>> in unit <main> has a constant value of 0 during circuit operation. The register is replaced by logic.
INFO:Xst:2679 - Register <led<4>> in unit <main> has a constant value of 0 during circuit operation. The register is replaced by logic.
INFO:Xst:2679 - Register <led<3>> in unit <main> has a constant value of 0 during circuit operation. The register is replaced by logic.
INFO:Xst:2679 - Register <led<2>> in unit <main> has a constant value of 0 during circuit operation. The register is replaced by logic.
INFO:Xst:2679 - Register <led<1>> in unit <main> has a constant value of 0 during circuit operation. The register is replaced by logic.

Synthesizing Unit <VGAcontroller>.
    Related source file is "VGA_controller.v".
    Found 1-bit register for signal <Vsync>.
    Found 10-bit register for signal <Hcounter>.
    Found 10-bit register for signal <Vcounter>.
    Found 1-bit register for signal <Hsync>.
    Found 10-bit adder for signal <Hcounter_next$addsub0000> created at line 47.
    Found 10-bit comparator less for signal <Hsync_next$cmp_lt0000> created at line 49.
    Found 10-bit comparator less for signal <Hsync_next$cmp_lt0001> created at line 49.
    Found 10-bit comparator greatequal for signal <Vcounter$cmp_ge0000> created at line 62.
    Found 10-bit adder for signal <Vcounter_next$addsub0000> created at line 48.
    Found 10-bit comparator greatequal for signal <Vcounter_next$cmp_ge0000> created at line 48.
    Found 10-bit comparator less for signal <Vsync_next$cmp_lt0000> created at line 50.
    Found 10-bit comparator less for signal <Vsync_next$cmp_lt0001> created at line 50.
    Summary:
	inferred  22 D-type flip-flop(s).
	inferred   2 Adder/Subtractor(s).
	inferred   6 Comparator(s).
Unit <VGAcontroller> synthesized.


Synthesizing Unit <pix_Controller>.
    Related source file is "pix_Controller.v".
WARNING:Xst:647 - Input <Vcounter> is never used. This port will be preserved and left unconnected if it belongs to a top-level block or it belongs to a sub-block and the hierarchy of this sub-block is preserved.
    Found 2-bit register for signal <Blue>.
    Found 3-bit register for signal <Green>.
    Found 3-bit register for signal <Red>.
    Found 10-bit comparator less for signal <Red$cmp_lt0000> created at line 56.
    Summary:
	inferred   8 D-type flip-flop(s).
	inferred   1 Comparator(s).
Unit <pix_Controller> synthesized.


Synthesizing Unit <text_gen>.
    Related source file is "text_gen.v".
WARNING:Xst:646 - Signal <ch_next> is assigned but never used. This unconnected signal will be trimmed during the optimization process.
    Found 10-bit comparator greatequal for signal <CharRst$cmp_ge0000> created at line 56.
    Found 10-bit comparator less for signal <CharRst$cmp_lt0000> created at line 56.
    Found 10-bit comparator less for signal <CharRst$cmp_lt0001> created at line 56.
    Found 10-bit comparator less for signal <CharSelect$cmp_lt0000> created at line 60.
    Found 10-bit comparator less for signal <CharSelect$cmp_lt0001> created at line 60.
    Found 10-bit comparator less for signal <CharSelect$cmp_lt0002> created at line 60.
    Found 10-bit comparator less for signal <CharSelect$cmp_lt0003> created at line 60.
    Found 10-bit comparator less for signal <CharSelect$cmp_lt0004> created at line 60.
    Found 10-bit comparator less for signal <CharSelect$cmp_lt0005> created at line 60.
    Found 10-bit comparator less for signal <CharSelect$cmp_lt0006> created at line 60.
    Found 10-bit comparator less for signal <CharSelect$cmp_lt0007> created at line 60.
    Found 10-bit comparator less for signal <CharSelect$cmp_lt0008> created at line 60.
    Found 10-bit comparator less for signal <CharSelect$cmp_lt0009> created at line 60.
    Found 10-bit comparator less for signal <CharSelect$cmp_lt0010> created at line 60.
    Found 10-bit comparator less for signal <CharSelect$cmp_lt0011> created at line 60.
    Found 10-bit comparator less for signal <CharSelect$cmp_lt0012> created at line 60.
    Found 10-bit comparator less for signal <CharSelect$cmp_lt0013> created at line 60.
    Found 10-bit comparator less for signal <CharSelect$cmp_lt0014> created at line 60.
    Found 10-bit comparator less for signal <CharSelect$cmp_lt0015> created at line 60.
    Found 10-bit comparator less for signal <CharSelect$cmp_lt0016> created at line 60.
    Found 10-bit comparator less for signal <CharSelect$cmp_lt0017> created at line 60.
    Found 10-bit comparator less for signal <CharSelect$cmp_lt0018> created at line 60.
    Found 10-bit comparator less for signal <CharSelect$cmp_lt0019> created at line 60.
    Found 10-bit comparator less for signal <CharSelect$cmp_lt0020> created at line 60.
    Found 10-bit comparator less for signal <CharSelect$cmp_lt0021> created at line 60.
    Found 10-bit comparator less for signal <CharSelect$cmp_lt0022> created at line 60.
    Found 10-bit comparator less for signal <CharSelect$cmp_lt0023> created at line 60.
    Found 10-bit comparator less for signal <CharSelect$cmp_lt0024> created at line 60.
    Summary:
	inferred  28 Comparator(s).
Unit <text_gen> synthesized.


Synthesizing Unit <clkgen>.
    Related source file is "clkgen.v".
Unit <clkgen> synthesized.


Synthesizing Unit <main>.
    Related source file is "main.v".
WARNING:Xst:647 - Input <push_btn> is never used. This port will be preserved and left unconnected if it belongs to a top-level block or it belongs to a sub-block and the hierarchy of this sub-block is preserved.
WARNING:Xst:1780 - Signal <Vcen> is never used or assigned. This unconnected signal will be trimmed during the optimization process.
WARNING:Xst:1780 - Signal <Hcen> is never used or assigned. This unconnected signal will be trimmed during the optimization process.
    Found 1-bit register for signal <led<0>>.
    Found 21-bit up counter for signal <count>.
    Summary:
	inferred   1 Counter(s).
	inferred   1 D-type flip-flop(s).
Unit <main> synthesized.


=========================================================================
HDL Synthesis Report

Macro Statistics
# Adders/Subtractors                                   : 2
 10-bit adder                                          : 2
# Counters                                             : 1
 21-bit up counter                                     : 1
# Registers                                            : 8
 1-bit register                                        : 3
 10-bit register                                       : 2
 2-bit register                                        : 1
 3-bit register                                        : 2
# Comparators                                          : 35
 10-bit comparator greatequal                          : 3
 10-bit comparator less                                : 32

=========================================================================

=========================================================================
*                       Advanced HDL Synthesis                          *
=========================================================================

Reading core <ipcore_dir/CharBank.ngc>.
Loading core <CharBank> for timing and area information for instance <Char>.

=========================================================================
Advanced HDL Synthesis Report

Macro Statistics
# Adders/Subtractors                                   : 2
 10-bit adder                                          : 2
# Counters                                             : 1
 21-bit up counter                                     : 1
# Registers                                            : 31
 Flip-Flops                                            : 31
# Comparators                                          : 35
 10-bit comparator greatequal                          : 3
 10-bit comparator less                                : 32

=========================================================================

=========================================================================
*                         Low Level Synthesis                           *
=========================================================================

Optimizing unit <main> ...

Optimizing unit <VGAcontroller> ...

Optimizing unit <pix_Controller> ...

Optimizing unit <text_gen> ...

Mapping all equations...
Building and optimizing final netlist ...
INFO:Xst:2261 - The FF/Latch <framegen/Blue_1> in Unit <main> is equivalent to the following 7 FFs/Latches, which will be removed : <framegen/Blue_0> <framegen/Green_2> <framegen/Green_1> <framegen/Green_0> <framegen/Red_2> <framegen/Red_1> <framegen/Red_0> 
Found area constraint ratio of 100 (+ 5) on block main, actual ratio is 8.
FlipFlop framegen/Blue_1 has been replicated 7 time(s) to handle iob=true attribute.

Final Macro Processing ...

=========================================================================
Final Register Report

Macro Statistics
# Registers                                            : 52
 Flip-Flops                                            : 52

=========================================================================

=========================================================================
*                           Partition Report                            *
=========================================================================

Partition Implementation Status
-------------------------------

  No Partitions were found in this design.

-------------------------------

=========================================================================
*                            Final Report                               *
=========================================================================
Final Results
RTL Top Level Output File Name     : main.ngr
Top Level Output File Name         : main
Output Format                      : NGC
Optimization Goal                  : Speed
Keep Hierarchy                     : No

Design Statistics
# IOs                              : 20

Cell Usage :
# BELS                             : 186
#      GND                         : 2
#      INV                         : 4
#      LUT1                        : 38
#      LUT2                        : 17
#      LUT2_L                      : 2
#      LUT3                        : 8
#      LUT3_D                      : 1
#      LUT3_L                      : 1
#      LUT4                        : 22
#      LUT4_D                      : 2
#      LUT4_L                      : 5
#      MUXCY                       : 38
#      MUXF5                       : 3
#      VCC                         : 2
#      XORCY                       : 41
# FlipFlops/Latches                : 52
#      FDC                         : 33
#      FDCE                        : 10
#      FDE                         : 1
#      FDR                         : 8
# RAMS                             : 1
#      RAMB16BWE                   : 1
# Clock Buffers                    : 1
#      BUFG                        : 1
# IO Buffers                       : 19
#      IBUFG                       : 1
#      OBUF                        : 18
# DCMs                             : 1
#      DCM_SP                      : 1
=========================================================================

Device utilization summary:
---------------------------

Selected Device : 3s50atq144-4 

 Number of Slices:                       52  out of    704     7%  
 Number of Slice Flip Flops:             44  out of   1408     3%  
 Number of 4 input LUTs:                100  out of   1408     7%  
 Number of IOs:                          20
 Number of bonded IOBs:                  19  out of    108    17%  
    IOB Flip Flops:                       8
 Number of BRAMs:                         1  out of      3    33%  
 Number of GCLKs:                         1  out of     24     4%  
 Number of DCMs:                          1  out of      2    50%  

---------------------------
Partition Resource Summary:
---------------------------

  No Partitions were found in this design.

---------------------------


=========================================================================
TIMING REPORT

NOTE: THESE TIMING NUMBERS ARE ONLY A SYNTHESIS ESTIMATE.
      FOR ACCURATE TIMING INFORMATION PLEASE REFER TO THE TRACE REPORT
      GENERATED AFTER PLACE-and-ROUTE.

Clock Information:
------------------
-----------------------------------+---------------------------------------------------------------------------------------------------------------------+-------+
Clock Signal                       | Clock buffer(FF name)                                                                                               | Load  |
-----------------------------------+---------------------------------------------------------------------------------------------------------------------+-------+
clk                                | instance_name/DCM_SP_INST:CLK0                                                                                      | 45    |
Char/N1                            | NONE(Char/U0/xst_blk_mem_generator/gnativebmg.native_blk_mem_gen/valid.cstr/ramloop[0].ram.r/s3a_init.ram/dpram.ram)| 1     |
controller/Hcounter_0              | NONE(framegen/Blue_1)                                                                                               | 8     |
-----------------------------------+---------------------------------------------------------------------------------------------------------------------+-------+
INFO:Xst:2169 - HDL ADVISOR - Some clock signals were not automatically buffered by XST with BUFG/BUFR resources. Please use the buffer_type constraint in order to insert these buffers to the clock signals to help prevent skew problems.

Asynchronous Control Signals Information:
----------------------------------------
------------------------------------------+----------------------------+-------+
Control Signal                            | Buffer(FF name)            | Load  |
------------------------------------------+----------------------------+-------+
Locked_inv(controller/Locked_inv1_INV_0:O)| NONE(controller/Hcounter_0)| 43    |
------------------------------------------+----------------------------+-------+

Timing Summary:
---------------
Speed Grade: -4

   Minimum period: 5.591ns (Maximum Frequency: 178.859MHz)
   Minimum input arrival time before clock: No path found
   Maximum output required time after clock: 5.531ns
   Maximum combinational path delay: No path found

Timing Detail:
--------------
All values displayed in nanoseconds (ns)

=========================================================================
Timing constraint: Default period analysis for Clock 'clk'
  Clock period: 5.591ns (frequency: 178.859MHz)
  Total number of paths / destination ports: 712 / 67
-------------------------------------------------------------------------
Delay:               5.591ns (Levels of Logic = 12)
  Source:            controller/Hcounter_0 (FF)
  Destination:       controller/Hcounter_9 (FF)
  Source Clock:      clk rising
  Destination Clock: clk rising

  Data Path: controller/Hcounter_0 to controller/Hcounter_9
                                Gate     Net
    Cell:in->out      fanout   Delay   Delay  Logical Name (Net Name)
    ----------------------------------------  ------------
     FDC:C->Q             12   0.591   0.961  controller/Hcounter_0 (controller/Hcounter_0)
     INV:I->O              1   0.648   0.000  controller/Madd_Hcounter_next_addsub0000_lut<0>_INV_0 (controller/Madd_Hcounter_next_addsub0000_lut<0>)
     MUXCY:S->O            1   0.632   0.000  controller/Madd_Hcounter_next_addsub0000_cy<0> (controller/Madd_Hcounter_next_addsub0000_cy<0>)
     MUXCY:CI->O           1   0.065   0.000  controller/Madd_Hcounter_next_addsub0000_cy<1> (controller/Madd_Hcounter_next_addsub0000_cy<1>)
     MUXCY:CI->O           1   0.065   0.000  controller/Madd_Hcounter_next_addsub0000_cy<2> (controller/Madd_Hcounter_next_addsub0000_cy<2>)
     MUXCY:CI->O           1   0.065   0.000  controller/Madd_Hcounter_next_addsub0000_cy<3> (controller/Madd_Hcounter_next_addsub0000_cy<3>)
     MUXCY:CI->O           1   0.065   0.000  controller/Madd_Hcounter_next_addsub0000_cy<4> (controller/Madd_Hcounter_next_addsub0000_cy<4>)
     MUXCY:CI->O           1   0.065   0.000  controller/Madd_Hcounter_next_addsub0000_cy<5> (controller/Madd_Hcounter_next_addsub0000_cy<5>)
     MUXCY:CI->O           1   0.065   0.000  controller/Madd_Hcounter_next_addsub0000_cy<6> (controller/Madd_Hcounter_next_addsub0000_cy<6>)
     MUXCY:CI->O           1   0.065   0.000  controller/Madd_Hcounter_next_addsub0000_cy<7> (controller/Madd_Hcounter_next_addsub0000_cy<7>)
     MUXCY:CI->O           0   0.065   0.000  controller/Madd_Hcounter_next_addsub0000_cy<8> (controller/Madd_Hcounter_next_addsub0000_cy<8>)
     XORCY:CI->O           1   0.844   0.500  controller/Madd_Hcounter_next_addsub0000_xor<9> (controller/Hcounter_next_addsub0000<9>)
     LUT2:I1->O            1   0.643   0.000  controller/Hcounter_next<9>1 (controller/Hcounter_next<9>)
     FDC:D                     0.252          controller/Hcounter_9
    ----------------------------------------
    Total                      5.591ns (4.130ns logic, 1.461ns route)
                                       (73.9% logic, 26.1% route)

=========================================================================
Timing constraint: Default OFFSET OUT AFTER for Clock 'clk'
  Total number of paths / destination ports: 3 / 3
-------------------------------------------------------------------------
Offset:              5.531ns (Levels of Logic = 1)
  Source:            controller/Vsync (FF)
  Destination:       Vsync (PAD)
  Source Clock:      clk rising

  Data Path: controller/Vsync to Vsync
                                Gate     Net
    Cell:in->out      fanout   Delay   Delay  Logical Name (Net Name)
    ----------------------------------------  ------------
     FDC:C->Q              1   0.591   0.420  controller/Vsync (controller/Vsync)
     OBUF:I->O                 4.520          Vsync_OBUF (Vsync)
    ----------------------------------------
    Total                      5.531ns (5.111ns logic, 0.420ns route)
                                       (92.4% logic, 7.6% route)

=========================================================================
Timing constraint: Default OFFSET OUT AFTER for Clock 'controller/Hcounter_0'
  Total number of paths / destination ports: 8 / 8
-------------------------------------------------------------------------
Offset:              5.531ns (Levels of Logic = 1)
  Source:            framegen/Blue_1_1 (FF)
  Destination:       Blue<1> (PAD)
  Source Clock:      controller/Hcounter_0 rising

  Data Path: framegen/Blue_1_1 to Blue<1>
                                Gate     Net
    Cell:in->out      fanout   Delay   Delay  Logical Name (Net Name)
    ----------------------------------------  ------------
     FDR:C->Q              1   0.591   0.420  framegen/Blue_1_1 (framegen/Blue_1_1)
     OBUF:I->O                 4.520          Blue_1_OBUF (Blue<1>)
    ----------------------------------------
    Total                      5.531ns (5.111ns logic, 0.420ns route)
                                       (92.4% logic, 7.6% route)

=========================================================================


Total REAL time to Xst completion: 6.00 secs
Total CPU time to Xst completion: 6.34 secs
 
--> 

Total memory usage is 4551948 kilobytes

Number of errors   :    0 (   0 filtered)
Number of warnings :    6 (   0 filtered)
Number of infos    :    9 (   0 filtered)

